2026-09-23 06:52:19 [INFO] Automation run started: 20260923-065219
2026-09-23 06:52:19 [INFO] No portable git credentials; keeping the existing helper
2026-09-23 06:52:19 [INFO] Start: Dataverse report generation
2026-09-23 06:52:39 [INFO] Done: Dataverse report generation
2026-09-23 06:52:40 [INFO] Automation run finished: success in 20.29s
2026-09-23 12:23:09 [INFO] Automation run started: 20260923-122309
2026-09-23 12:23:09 [INFO] No portable git credentials; keeping the existing helper
2026-09-23 12:23:09 [INFO] Start: Dataverse report generation
2026-09-23 12:23:29 [INFO] Done: Dataverse report generation
2026-09-23 12:23:29 [INFO] Automation run finished: success in 19.85s
2026-09-23 17:18:01 [INFO] Automation run started: 20260923-171801
2026-09-23 17:18:01 [INFO] No portable git credentials; keeping the existing helper
2026-09-23 17:18:01 [INFO] Start: Dataverse report generation
2026-09-23 17:18:11 [INFO] Done: Dataverse report generation
2026-09-23 17:18:12 [INFO] Automation run finished: success in 11.11s
2026-09-23 20:32:42 [INFO] Automation run started: 20260923-203242
2026-09-23 20:32:42 [INFO] No portable git credentials; keeping the existing helper
2026-09-23 20:32:42 [INFO] Start: Dataverse report generation
2026-09-23 20:32:53 [INFO] Done: Dataverse report generation
2026-09-23 20:32:53 [INFO] Automation run finished: success in 10.55s
2026-09-23 23:16:31 [INFO] Automation run started: 20260923-231631
2026-09-23 23:16:31 [INFO] No portable git credentials; keeping the existing helper
2026-09-23 23:16:31 [INFO] Start: Dataverse report generation
2026-09-23 23:16:47 [INFO] Done: Dataverse report generation
2026-09-23 23:16:47 [INFO] Automation run finished: success in 16.27s
2026-09-24 01:30:33 [INFO] Automation run started: 20260924-013033
2026-09-24 01:30:33 [INFO] No portable git credentials; keeping the existing helper
2026-09-24 01:30:33 [INFO] Start: Dataverse report generation
2026-09-24 01:30:50 [INFO] Done: Dataverse report generation
2026-09-24 01:30:50 [INFO] Automation run finished: success in 16.76s
2026-09-24 06:52:35 [INFO] Automation run started: 20260924-065235
2026-09-24 06:52:35 [INFO] No portable git credentials; keeping the existing helper
2026-09-24 06:52:35 [INFO] Start: Dataverse report generation
2026-09-24 06:52:49 [INFO] Done: Dataverse report generation
2026-09-24 06:52:49 [INFO] Automation run finished: success in 13.61s
2026-09-24 12:22:59 [INFO] Automation run started: 20260924-122259
2026-09-24 12:22:59 [INFO] No portable git credentials; keeping the existing helper
2026-09-24 12:22:59 [INFO] Start: Dataverse report generation
2026-09-24 12:23:10 [INFO] Done: Dataverse report generation
2026-09-24 12:23:10 [INFO] Automation run finished: success in 10.62s
2026-09-24 17:23:06 [INFO] Automation run started: 20260924-172306
2026-09-24 17:23:06 [INFO] No portable git credentials; keeping the existing helper
2026-09-24 17:23:06 [INFO] Start: Dataverse report generation
2026-09-24 17:23:17 [INFO] Done: Dataverse report generation
2026-09-24 17:23:17 [INFO] Automation run finished: success in 10.62s
2026-09-24 20:35:03 [INFO] Automation run started: 20260924-203503
2026-09-24 20:35:03 [INFO] No portable git credentials; keeping the existing helper
2026-09-24 20:35:03 [INFO] Start: Dataverse report generation
2026-09-24 20:35:23 [INFO] Done: Dataverse report generation
2026-09-24 20:35:23 [INFO] Automation run finished: success in 19.43s
2026-09-24 23:37:24 [INFO] Automation run started: 20260924-233724
2026-09-24 23:37:24 [INFO] No portable git credentials; keeping the existing helper
2026-09-24 23:37:24 [INFO] Start: Dataverse report generation
2026-09-24 23:37:35 [INFO] Done: Dataverse report generation
2026-09-24 23:37:35 [INFO] Automation run finished: success in 10.4s
2026-09-25 02:14:10 [INFO] Automation run started: 20260925-021410
2026-09-25 02:14:10 [INFO] No portable git credentials; keeping the existing helper
2026-09-25 02:14:10 [INFO] Start: Dataverse report generation
2026-09-25 02:14:29 [INFO] Done: Dataverse report generation
2026-09-25 02:14:30 [INFO] Automation run finished: success in 19.57s
2026-09-25 07:59:53 [INFO] Automation run started: 20260925-075953
2026-09-25 07:59:53 [INFO] No portable git credentials; keeping the existing helper
2026-09-25 07:59:53 [INFO] Start: Dataverse report generation
2026-09-25 08:00:08 [INFO] Done: Dataverse report generation
2026-09-25 08:00:08 [INFO] Automation run finished: success in 15.79s
2026-09-25 13:19:51 [INFO] Automation run started: 20260925-131951
2026-09-25 13:19:51 [INFO] No portable git credentials; keeping the existing helper
2026-09-25 13:19:51 [INFO] Start: Dataverse report generation
2026-09-25 13:20:17 [INFO] Done: Dataverse report generation
2026-09-25 13:20:17 [INFO] Automation run finished: success in 26.42s
2026-09-25 18:00:02 [INFO] Automation run started: 20260925-180002
2026-09-25 18:00:02 [INFO] No portable git credentials; keeping the existing helper
2026-09-25 18:00:02 [INFO] Start: Dataverse report generation
2026-09-25 18:00:21 [INFO] Done: Dataverse report generation
2026-09-25 18:00:21 [INFO] Automation run finished: success in 18.87s
2026-09-25 21:13:02 [INFO] Automation run started: 20260925-211302
2026-09-25 21:13:02 [INFO] No portable git credentials; keeping the existing helper
2026-09-25 21:13:02 [INFO] Start: Dataverse report generation
2026-09-25 21:13:21 [INFO] Done: Dataverse report generation
2026-09-25 21:13:21 [INFO] Automation run finished: success in 19.3s
2026-09-25 23:59:18 [INFO] Automation run started: 20260925-235918
2026-09-25 23:59:18 [INFO] No portable git credentials; keeping the existing helper
2026-09-25 23:59:18 [INFO] Start: Dataverse report generation
2026-09-25 23:59:34 [INFO] Done: Dataverse report generation
2026-09-25 23:59:34 [INFO] Automation run finished: success in 15.52s
2026-09-26 03:47:08 [INFO] Automation run started: 20260926-034708
2026-09-26 03:47:08 [INFO] No portable git credentials; keeping the existing helper
2026-09-26 03:47:08 [INFO] Start: Dataverse report generation
2026-09-26 03:47:30 [INFO] Done: Dataverse report generation
2026-09-26 03:47:30 [INFO] Automation run finished: success in 22.78s
2026-09-26 08:53:09 [INFO] Automation run started: 20260926-085309
2026-09-26 08:53:09 [INFO] No portable git credentials; keeping the existing helper
2026-09-26 08:53:09 [INFO] Start: Dataverse report generation
2026-09-26 08:53:26 [INFO] Done: Dataverse report generation
2026-09-26 08:53:26 [INFO] Automation run finished: success in 17.74s
2026-09-26 13:28:56 [INFO] Automation run started: 20260926-132856
2026-09-26 13:28:56 [INFO] No portable git credentials; keeping the existing helper
2026-09-26 13:28:56 [INFO] Start: Dataverse report generation
2026-09-26 13:29:11 [INFO] Done: Dataverse report generation
2026-09-26 13:29:11 [INFO] Automation run finished: success in 14.53s
2026-09-26 17:19:15 [INFO] Automation run started: 20260926-171915
2026-09-26 17:19:15 [INFO] No portable git credentials; keeping the existing helper
2026-09-26 17:19:15 [INFO] Start: Dataverse report generation
2026-09-26 17:19:33 [INFO] Done: Dataverse report generation
2026-09-26 17:19:34 [INFO] Automation run finished: success in 18.52s
2026-09-26 19:59:12 [INFO] Automation run started: 20260926-195912
2026-09-26 19:59:12 [INFO] No portable git credentials; keeping the existing helper
2026-09-26 19:59:12 [INFO] Start: Dataverse report generation
2026-09-26 19:59:30 [INFO] Done: Dataverse report generation
2026-09-26 19:59:30 [INFO] Automation run finished: success in 17.94s
2026-09-26 22:23:13 [INFO] Automation run started: 20260926-222313
2026-09-26 22:23:13 [INFO] No portable git credentials; keeping the existing helper
2026-09-26 22:23:13 [INFO] Start: Dataverse report generation
2026-09-26 22:23:31 [INFO] Done: Dataverse report generation
2026-09-26 22:23:31 [INFO] Automation run finished: success in 18.11s
2026-09-27 00:43:45 [INFO] Automation run started: 20260927-004345
2026-09-27 00:43:45 [INFO] No portable git credentials; keeping the existing helper
2026-09-27 00:43:45 [INFO] Start: Dataverse report generation
2026-09-27 00:43:56 [INFO] Done: Dataverse report generation
2026-09-27 00:43:56 [INFO] Automation run finished: success in 10.68s
2026-09-27 05:56:16 [INFO] Automation run started: 20260927-055616
2026-09-27 05:56:16 [INFO] No portable git credentials; keeping the existing helper
2026-09-27 05:56:16 [INFO] Start: Dataverse report generation
2026-09-27 05:56:36 [INFO] Done: Dataverse report generation
2026-09-27 05:56:36 [INFO] Automation run finished: success in 20.44s
2026-09-27 11:04:31 [INFO] Automation run started: 20260927-110431
2026-09-27 11:04:31 [INFO] No portable git credentials; keeping the existing helper
2026-09-27 11:04:31 [INFO] Start: Dataverse report generation
2026-09-27 11:04:46 [INFO] Done: Dataverse report generation
2026-09-27 11:04:47 [INFO] Automation run finished: success in 16.47s
2026-09-27 15:42:00 [INFO] Automation run started: 20260927-154200
2026-09-27 15:42:00 [INFO] No portable git credentials; keeping the existing helper
2026-09-27 15:42:00 [INFO] Start: Dataverse report generation
2026-09-27 15:42:11 [INFO] Done: Dataverse report generation
2026-09-27 15:42:11 [INFO] Automation run finished: success in 11.75s
2026-09-27 19:22:34 [INFO] Automation run started: 20260927-192234
2026-09-27 19:22:34 [INFO] No portable git credentials; keeping the existing helper
2026-09-27 19:22:34 [INFO] Start: Dataverse report generation
2026-09-27 19:22:51 [INFO] Done: Dataverse report generation
2026-09-27 19:22:51 [INFO] Automation run finished: success in 17.09s
2026-09-27 22:23:25 [INFO] Automation run started: 20260927-222325
2026-09-27 22:23:25 [INFO] No portable git credentials; keeping the existing helper
2026-09-27 22:23:25 [INFO] Start: Dataverse report generation
2026-09-27 22:23:44 [INFO] Done: Dataverse report generation
2026-09-27 22:23:44 [INFO] Automation run finished: success in 18.66s
2026-09-28 00:57:09 [INFO] Automation run started: 20260928-005709
2026-09-28 00:57:09 [INFO] No portable git credentials; keeping the existing helper
2026-09-28 00:57:09 [INFO] Start: Dataverse report generation
2026-09-28 00:57:26 [INFO] Done: Dataverse report generation
2026-09-28 00:57:26 [INFO] Automation run finished: success in 17.71s
2026-09-28 06:13:48 [INFO] Automation run started: 20260928-061348
2026-09-28 06:13:48 [INFO] No portable git credentials; keeping the existing helper
2026-09-28 06:13:48 [INFO] Start: Dataverse report generation
2026-09-28 06:14:07 [INFO] Done: Dataverse report generation
2026-09-28 06:14:07 [INFO] Automation run finished: success in 18.78s
2026-09-28 14:14:44 [INFO] Automation run started: 20260928-141444
2026-09-28 14:14:44 [INFO] No portable git credentials; keeping the existing helper
2026-09-28 14:14:44 [INFO] Start: Dataverse report generation
2026-09-28 14:14:58 [INFO] Done: Dataverse report generation
2026-09-28 14:14:58 [INFO] Automation run finished: success in 13.69s
2026-09-28 20:37:57 [INFO] Automation run started: 20260928-203757
2026-09-28 20:37:57 [INFO] No portable git credentials; keeping the existing helper
2026-09-28 20:37:57 [INFO] Start: Dataverse report generation
2026-09-28 20:38:15 [INFO] Done: Dataverse report generation
2026-09-28 20:38:16 [INFO] Automation run finished: success in 18.3s
2026-09-29 00:42:20 [INFO] Automation run started: 20260929-004220
2026-09-29 00:42:20 [INFO] No portable git credentials; keeping the existing helper
2026-09-29 00:42:20 [INFO] Start: Dataverse report generation
2026-09-29 00:42:37 [INFO] Done: Dataverse report generation
2026-09-29 00:42:37 [INFO] Automation run finished: success in 17.43s
2026-09-29 06:22:01 [INFO] Automation run started: 20260929-062201
2026-09-29 06:22:01 [INFO] No portable git credentials; keeping the existing helper
2026-09-29 06:22:01 [INFO] Start: Dataverse report generation
2026-09-29 06:22:16 [INFO] Done: Dataverse report generation
2026-09-29 06:22:17 [INFO] Automation run finished: success in 15.32s
2026-09-29 13:09:39 [INFO] Automation run started: 20260929-130939
2026-09-29 13:09:39 [INFO] No portable git credentials; keeping the existing helper
2026-09-29 13:09:39 [INFO] Start: Dataverse report generation
2026-09-29 13:09:59 [INFO] Done: Dataverse report generation
2026-09-29 13:09:59 [INFO] Automation run finished: success in 20.81s
2026-09-29 18:44:09 [INFO] Automation run started: 20260929-184409
2026-09-29 18:44:09 [INFO] No portable git credentials; keeping the existing helper
2026-09-29 18:44:09 [INFO] Start: Dataverse report generation
2026-09-29 18:44:20 [INFO] Done: Dataverse report generation
2026-09-29 18:44:20 [INFO] Automation run finished: success in 11.1s
2026-09-29 22:44:21 [INFO] Automation run started: 20260929-224421
2026-09-29 22:44:21 [INFO] No portable git credentials; keeping the existing helper
2026-09-29 22:44:21 [INFO] Start: Dataverse report generation
2026-09-29 22:44:38 [INFO] Done: Dataverse report generation
2026-09-29 22:44:39 [INFO] Automation run finished: success in 17.34s
2026-09-30 01:42:54 [INFO] Automation run started: 20260930-014254
2026-09-30 01:42:54 [INFO] No portable git credentials; keeping the existing helper
2026-09-30 01:42:54 [INFO] Start: Dataverse report generation
2026-09-30 01:43:07 [INFO] Done: Dataverse report generation
2026-09-30 01:43:07 [INFO] Automation run finished: success in 13.56s
2026-09-30 07:38:09 [INFO] Automation run started: 20260930-073809
2026-09-30 07:38:09 [INFO] No portable git credentials; keeping the existing helper
2026-09-30 07:38:09 [INFO] Start: Dataverse report generation
2026-09-30 07:38:23 [INFO] Done: Dataverse report generation
2026-09-30 07:38:24 [INFO] Automation run finished: success in 14.97s
2026-09-30 14:21:52 [INFO] Automation run started: 20260930-142152
2026-09-30 14:21:52 [INFO] No portable git credentials; keeping the existing helper
2026-09-30 14:21:52 [INFO] Start: Dataverse report generation
2026-09-30 14:22:03 [INFO] Done: Dataverse report generation
2026-09-30 14:22:04 [INFO] Automation run finished: success in 11.72s
2026-09-30 19:30:59 [INFO] Automation run started: 20260930-193059
2026-09-30 19:30:59 [INFO] No portable git credentials; keeping the existing helper
2026-09-30 19:30:59 [INFO] Start: Dataverse report generation
2026-09-30 19:31:10 [INFO] Done: Dataverse report generation
2026-09-30 19:31:10 [INFO] Automation run finished: success in 11.37s
2026-09-30 23:17:39 [INFO] Automation run started: 20260930-231739
2026-09-30 23:17:39 [INFO] No portable git credentials; keeping the existing helper
2026-09-30 23:17:39 [INFO] Start: Dataverse report generation
2026-09-30 23:17:54 [INFO] Done: Dataverse report generation
2026-09-30 23:17:55 [INFO] Automation run finished: success in 15.97s
2026-10-01 02:14:38 [INFO] Automation run started: 20261001-021438
2026-10-01 02:14:38 [INFO] No portable git credentials; keeping the existing helper
2026-10-01 02:14:38 [INFO] Start: Dataverse report generation
2026-10-01 02:14:51 [INFO] Done: Dataverse report generation
2026-10-01 02:14:51 [INFO] Automation run finished: success in 13.17s
2026-10-01 09:08:55 [INFO] Automation run started: 20261001-090855
2026-10-01 09:08:55 [INFO] No portable git credentials; keeping the existing helper
2026-10-01 09:08:55 [INFO] Start: Dataverse report generation
2026-10-01 09:09:13 [INFO] Done: Dataverse report generation
2026-10-01 09:09:13 [INFO] Automation run finished: success in 18.24s
2026-10-01 16:34:00 [INFO] Automation run started: 20261001-163400
2026-10-01 16:34:00 [INFO] No portable git credentials; keeping the existing helper
2026-10-01 16:34:00 [INFO] Start: Dataverse report generation
2026-10-01 16:34:20 [INFO] Done: Dataverse report generation
2026-10-01 16:34:20 [INFO] Automation run finished: success in 19.55s
2026-10-01 21:29:05 [INFO] Automation run started: 20261001-212905
2026-10-01 21:29:05 [INFO] No portable git credentials; keeping the existing helper
2026-10-01 21:29:05 [INFO] Start: Dataverse report generation
2026-10-01 21:29:25 [INFO] Done: Dataverse report generation
2026-10-01 21:29:25 [INFO] Automation run finished: success in 19.34s
2026-10-02 01:00:18 [INFO] Automation run started: 20261002-010018
2026-10-02 01:00:18 [INFO] No portable git credentials; keeping the existing helper
2026-10-02 01:00:18 [INFO] Start: Dataverse report generation
2026-10-02 01:00:34 [INFO] Done: Dataverse report generation
2026-10-02 01:00:34 [INFO] Automation run finished: success in 15.98s
2026-10-02 07:07:48 [INFO] Automation run started: 20261002-070748
2026-10-02 07:07:48 [INFO] No portable git credentials; keeping the existing helper
2026-10-02 07:07:48 [INFO] Start: Dataverse report generation
2026-10-02 07:08:01 [INFO] Done: Dataverse report generation
2026-10-02 07:08:01 [INFO] Automation run finished: success in 12.74s
2026-10-02 13:58:12 [INFO] Automation run started: 20261002-135812
2026-10-02 13:58:12 [INFO] No portable git credentials; keeping the existing helper
2026-10-02 13:58:12 [INFO] Start: Dataverse report generation
2026-10-02 13:58:33 [INFO] Done: Dataverse report generation
2026-10-02 13:58:34 [INFO] Automation run finished: success in 21.65s
2026-10-02 18:57:13 [INFO] Automation run started: 20261002-185713
2026-10-02 18:57:13 [INFO] No portable git credentials; keeping the existing helper
2026-10-02 18:57:13 [INFO] Start: Dataverse report generation
2026-10-02 18:57:31 [INFO] Done: Dataverse report generation
2026-10-02 18:57:31 [INFO] Automation run finished: success in 18.14s
2026-10-02 22:44:58 [INFO] Automation run started: 20261002-224458
2026-10-02 22:44:58 [INFO] No portable git credentials; keeping the existing helper
2026-10-02 22:44:58 [INFO] Start: Dataverse report generation
2026-10-02 22:45:12 [INFO] Done: Dataverse report generation
2026-10-02 22:45:12 [INFO] Automation run finished: success in 14.1s
2026-10-03 01:30:51 [INFO] Automation run started: 20261003-013051
2026-10-03 01:30:51 [INFO] No portable git credentials; keeping the existing helper
2026-10-03 01:30:51 [INFO] Start: Dataverse report generation
2026-10-03 01:31:09 [INFO] Done: Dataverse report generation
2026-10-03 01:31:09 [INFO] Automation run finished: success in 18.34s
2026-10-03 07:12:32 [INFO] Automation run started: 20261003-071232
2026-10-03 07:12:32 [INFO] No portable git credentials; keeping the existing helper
2026-10-03 07:12:32 [INFO] Start: Dataverse report generation
2026-10-03 07:12:51 [INFO] Done: Dataverse report generation
2026-10-03 07:12:51 [INFO] Automation run finished: success in 19.25s
2026-10-03 12:38:58 [INFO] Automation run started: 20261003-123858
2026-10-03 12:38:58 [INFO] No portable git credentials; keeping the existing helper
2026-10-03 12:38:58 [INFO] Start: Dataverse report generation
2026-10-03 12:39:08 [INFO] Done: Dataverse report generation
2026-10-03 12:39:08 [INFO] Automation run finished: success in 10.46s
2026-10-03 16:49:38 [INFO] Automation run started: 20261003-164938
2026-10-03 16:49:38 [INFO] No portable git credentials; keeping the existing helper
2026-10-03 16:49:38 [INFO] Start: Dataverse report generation
2026-10-03 16:49:53 [INFO] Done: Dataverse report generation
2026-10-03 16:49:53 [INFO] Automation run finished: success in 14.62s
2026-10-03 19:33:59 [INFO] Automation run started: 20261003-193359
2026-10-03 19:33:59 [INFO] No portable git credentials; keeping the existing helper
2026-10-03 19:33:59 [INFO] Start: Dataverse report generation
2026-10-03 19:34:12 [INFO] Done: Dataverse report generation
2026-10-03 19:34:13 [INFO] Automation run finished: success in 13.55s
2026-10-03 22:29:59 [INFO] Automation run started: 20261003-222959
2026-10-03 22:29:59 [INFO] No portable git credentials; keeping the existing helper
2026-10-03 22:29:59 [INFO] Start: Dataverse report generation
2026-10-03 22:30:09 [INFO] Done: Dataverse report generation
2026-10-03 22:30:09 [INFO] Automation run finished: success in 10.68s
2026-10-04 01:51:45 [INFO] Automation run started: 20261004-015145
2026-10-04 01:51:45 [INFO] No portable git credentials; keeping the existing helper
2026-10-04 01:51:45 [INFO] Start: Dataverse report generation
2026-10-04 01:52:07 [INFO] Done: Dataverse report generation
2026-10-04 01:52:07 [INFO] Automation run finished: success in 22.52s
2026-10-04 07:31:41 [INFO] Automation run started: 20261004-073141
2026-10-04 07:31:41 [INFO] No portable git credentials; keeping the existing helper
2026-10-04 07:31:41 [INFO] Start: Dataverse report generation
2026-10-04 07:31:51 [INFO] Done: Dataverse report generation
2026-10-04 07:31:51 [INFO] Automation run finished: success in 10.7s
2026-10-04 13:31:55 [INFO] Automation run started: 20261004-133155
2026-10-04 13:31:55 [INFO] No portable git credentials; keeping the existing helper
2026-10-04 13:31:55 [INFO] Start: Dataverse report generation
2026-10-04 13:32:07 [INFO] Done: Dataverse report generation
2026-10-04 13:32:07 [INFO] Automation run finished: success in 12.22s
2026-10-04 17:53:50 [INFO] Automation run started: 20261004-175350
2026-10-04 17:53:50 [INFO] No portable git credentials; keeping the existing helper
2026-10-04 17:53:50 [INFO] Start: Dataverse report generation
2026-10-04 17:54:06 [INFO] Done: Dataverse report generation
2026-10-04 17:54:06 [INFO] Automation run finished: success in 16.72s
2026-10-04 20:35:20 [INFO] Automation run started: 20261004-203520
2026-10-04 20:35:20 [INFO] No portable git credentials; keeping the existing helper
2026-10-04 20:35:20 [INFO] Start: Dataverse report generation
2026-10-04 20:35:36 [INFO] Done: Dataverse report generation
2026-10-04 20:35:37 [INFO] Automation run finished: success in 16.32s
2026-10-04 23:41:02 [INFO] Automation run started: 20261004-234102
2026-10-04 23:41:02 [INFO] No portable git credentials; keeping the existing helper
2026-10-04 23:41:02 [INFO] Start: Dataverse report generation
2026-10-04 23:41:13 [INFO] Done: Dataverse report generation
2026-10-04 23:41:13 [INFO] Automation run finished: success in 10.36s
2026-10-05 02:46:04 [INFO] Automation run started: 20261005-024604
2026-10-05 02:46:04 [INFO] No portable git credentials; keeping the existing helper
2026-10-05 02:46:04 [INFO] Start: Dataverse report generation
2026-10-05 02:46:17 [INFO] Done: Dataverse report generation
2026-10-05 02:46:17 [INFO] Automation run finished: success in 12.71s
2026-10-05 09:44:11 [INFO] Automation run started: 20261005-094411
2026-10-05 09:44:11 [INFO] No portable git credentials; keeping the existing helper
2026-10-05 09:44:11 [INFO] Start: Dataverse report generation
2026-10-05 09:44:30 [INFO] Done: Dataverse report generation
2026-10-05 09:44:30 [INFO] Automation run finished: success in 19.14s
2026-10-05 18:55:49 [INFO] Automation run started: 20261005-185549
2026-10-05 18:55:49 [INFO] No portable git credentials; keeping the existing helper
2026-10-05 18:55:49 [INFO] Start: Dataverse report generation
2026-10-05 18:56:03 [INFO] Done: Dataverse report generation
2026-10-05 18:56:03 [INFO] Automation run finished: success in 13.81s
2026-10-06 00:28:25 [INFO] Automation run started: 20261006-002825
2026-10-06 00:28:25 [INFO] No portable git credentials; keeping the existing helper
2026-10-06 00:28:25 [INFO] Start: Dataverse report generation
2026-10-06 00:28:42 [INFO] Done: Dataverse report generation
2026-10-06 00:28:42 [INFO] Automation run finished: success in 17.38s
2026-10-06 06:40:22 [INFO] Automation run started: 20261006-064022
2026-10-06 06:40:22 [INFO] No portable git credentials; keeping the existing helper
2026-10-06 06:40:22 [INFO] Start: Dataverse report generation
2026-10-06 06:40:37 [INFO] Done: Dataverse report generation
2026-10-06 06:40:37 [INFO] Automation run finished: success in 15.63s
2026-10-06 13:44:04 [INFO] Automation run started: 20261006-134404
2026-10-06 13:44:04 [INFO] No portable git credentials; keeping the existing helper
2026-10-06 13:44:04 [INFO] Start: Dataverse report generation
2026-10-06 13:44:19 [INFO] Done: Dataverse report generation
2026-10-06 13:44:19 [INFO] Automation run finished: success in 15.26s
2026-10-06 19:11:21 [INFO] Automation run started: 20261006-191121
2026-10-06 19:11:21 [INFO] No portable git credentials; keeping the existing helper
2026-10-06 19:11:21 [INFO] Start: Dataverse report generation
2026-10-06 19:11:37 [INFO] Done: Dataverse report generation
2026-10-06 19:11:37 [INFO] Automation run finished: success in 16.23s
2026-10-06 23:08:16 [INFO] Automation run started: 20261006-230816
2026-10-06 23:08:16 [INFO] No portable git credentials; keeping the existing helper
2026-10-06 23:08:16 [INFO] Start: Dataverse report generation
2026-10-06 23:08:33 [INFO] Done: Dataverse report generation
2026-10-06 23:08:33 [INFO] Automation run finished: success in 17.15s
2026-10-07 02:31:07 [INFO] Automation run started: 20261007-023107
2026-10-07 02:31:07 [INFO] No portable git credentials; keeping the existing helper
2026-10-07 02:31:07 [INFO] Start: Dataverse report generation
2026-10-07 02:31:23 [INFO] Done: Dataverse report generation
2026-10-07 02:31:23 [INFO] Automation run finished: success in 16.42s
2026-10-07 09:28:05 [INFO] Automation run started: 20261007-092805
2026-10-07 09:28:05 [INFO] No portable git credentials; keeping the existing helper
2026-10-07 09:28:05 [INFO] Start: Dataverse report generation
2026-10-07 09:28:23 [INFO] Done: Dataverse report generation
2026-10-07 09:28:23 [INFO] Automation run finished: success in 17.77s
2026-10-07 16:45:23 [INFO] Automation run started: 20261007-164523
2026-10-07 16:45:23 [INFO] No portable git credentials; keeping the existing helper
2026-10-07 16:45:23 [INFO] Start: Dataverse report generation
2026-10-07 16:45:37 [INFO] Done: Dataverse report generation
2026-10-07 16:45:37 [INFO] Automation run finished: success in 14.08s
2026-10-07 21:40:43 [INFO] Automation run started: 20261007-214043
2026-10-07 21:40:43 [INFO] No portable git credentials; keeping the existing helper
2026-10-07 21:40:43 [INFO] Start: Dataverse report generation
2026-10-07 21:40:58 [INFO] Done: Dataverse report generation
2026-10-07 21:40:59 [INFO] Automation run finished: success in 15.95s
2026-10-08 01:24:39 [INFO] Automation run started: 20261008-012439
2026-10-08 01:24:39 [INFO] No portable git credentials; keeping the existing helper
2026-10-08 01:24:39 [INFO] Start: Dataverse report generation
2026-10-08 01:24:53 [INFO] Done: Dataverse report generation
2026-10-08 01:24:53 [INFO] Automation run finished: success in 14.18s
2026-10-08 07:37:16 [INFO] Automation run started: 20261008-073716
2026-10-08 07:37:16 [INFO] No portable git credentials; keeping the existing helper
2026-10-08 07:37:16 [INFO] Start: Dataverse report generation
2026-10-08 07:37:33 [INFO] Done: Dataverse report generation
2026-10-08 07:37:33 [INFO] Automation run finished: success in 16.8s
2026-10-08 15:01:18 [INFO] Automation run started: 20261008-150118
2026-10-08 15:01:18 [INFO] No portable git credentials; keeping the existing helper
2026-10-08 15:01:18 [INFO] Start: Dataverse report generation
2026-10-08 15:01:39 [INFO] Done: Dataverse report generation
2026-10-08 15:01:39 [INFO] Automation run finished: success in 21.08s
2026-10-08 20:43:57 [INFO] Automation run started: 20261008-204357
2026-10-08 20:43:57 [INFO] No portable git credentials; keeping the existing helper
2026-10-08 20:43:57 [INFO] Start: Dataverse report generation
2026-10-08 20:44:17 [INFO] Done: Dataverse report generation
2026-10-08 20:44:17 [INFO] Automation run finished: success in 20.21s
